Microchip MPLAB XC8 Compiler V1.34 ()

Linker command line:

-W-3 --edf=C:\Program Files (x86)\Microchip\xc8\v1.34\dat\en_msgs.txt -cs \
  -h+dist/default/production\TimerMode_LAB2.X.production.sym \
  --cmf=dist/default/production\TimerMode_LAB2.X.production.cmf -z \
  -Q16F877A -oC:\Users\Khaled\AppData\Local\Temp\s66k.6 \
  -Mdist/default/production/TimerMode_LAB2.X.production.map -E1 -ver=XC8 \
  -ASTACK=0110h-016fh -pstack=STACK -ACODE=00h-07FFhx4 -ASTRCODE=00h-01FFFh \
  -ASTRING=00h-0FFhx32 -ACONST=00h-0FFhx32 -AENTRY=00h-0FFhx32 \
  -ACOMMON=070h-07Fh -ABANK0=020h-06Fh -ABANK1=0A0h-0EFh \
  -ABANK2=0110h-016Fh -ABANK3=0190h-01EFh \
  -ARAM=020h-06Fh,0A0h-0EFh,0110h-016Fh,0190h-01EFh \
  -AABS1=020h-07Fh,0A0h-0EFh,0110h-016Fh,0190h-01EFh -ASFR0=00h-01Fh \
  -ASFR1=080h-09Fh -ASFR2=0100h-010Fh -ASFR3=0180h-018Fh \
  -preset_vec=00h,intentry,init,end_init -ppowerup=CODE -pcinit=CODE \
  -pfunctab=CODE -ACONFIG=02007h-02007h -pconfig=CONFIG -DCONFIG=2 \
  -AIDLOC=02000h-02003h -pidloc=IDLOC -DIDLOC=2 -AEEDATA=00h-0FFh/02100h \
  -peeprom_data=EEDATA -DEEDATA=2 -DCODE=2 -DSTRCODE=2 -DSTRING=2 -DCONST=2 \
  -DENTRY=2 -k C:\Users\Khaled\AppData\Local\Temp\s66k.obj \
  dist/default/production\TimerMode_LAB2.X.production.obj 

Object code version is 3.11

Machine type is 16F877A



                Name                               Link     Load   Length Selector   Space Scale
C:\Users\Khaled\AppData\Local\Temp\s66k.obj
                end_init                              0        0        3        0       0
                config                             2007     2007        1     400E       0
dist/default/production\TimerMode_LAB2.X.production.obj
                cinit                               7FC      7FC        4      FF8       0
                text6                               564      564       5B      AC8       0
                text5                               5BF      5BF       6C      B7E       0
                text4                               744      744       B8      E88       0
                text3                               6B6      6B6       8E      D6C       0
                text2                               502      502       14      A04       0
                text1                               516      516       4E      A2C       0
                maintext                            62B      62B       8B      C56       0
                cstackBANK0                          20       20       2B       20       1
                cstackCOMMON                         70       70        E       70       1

TOTAL           Name                               Link     Load   Length     Space
        CLASS   STACK          

        CLASS   CODE           
                end_init                              0        0        3         0
                cinit                               7FC      7FC        4         0
                text6                               564      564       5B         0
                text5                               5BF      5BF       6C         0
                text4                               744      744       B8         0
                text3                               6B6      6B6       8E         0
                text2                               502      502       14         0
                text1                               516      516       4E         0
                maintext                            62B      62B       8B         0

        CLASS   STRCODE        

        CLASS   STRING         

        CLASS   CONST          

        CLASS   ENTRY          

        CLASS   COMMON         
                cstackCOMMON                         70       70        E         1

        CLASS   BANK0          
                cstackBANK0                          20       20       2B         1

        CLASS   BANK1          

        CLASS   BANK2          

        CLASS   BANK3          

        CLASS   RAM            

        CLASS   ABS1           
                abs_s1                               7E       7E        2         1

        CLASS   SFR0           

        CLASS   SFR1           

        CLASS   SFR2           

        CLASS   SFR3           

        CLASS   CONFIG         
                config                             2007     2007        1         0

        CLASS   IDLOC          

        CLASS   EEDATA         



SEGMENTS        Name                           Load    Length   Top    Selector   Space  Class     Delta

                reset_vec                      000000  000003  000003         0       0  CODE        2
                cstackBANK0                    000020  00002B  00004B        20       1  BANK0       1
                cstackCOMMON                   000070  00000E  00007E        70       1  COMMON      1
                text2                          000502  000014  000516       A04       0  CODE        2
                text1                          000516  00004E  000564       A2C       0  CODE        2
                text6                          000564  00005B  0005BF       AC8       0  CODE        2
                text5                          0005BF  00006C  00062B       B7E       0  CODE        2
                maintext                       00062B  00008B  0006B6       C56       0  CODE        2
                text3                          0006B6  00008E  000744       D6C       0  CODE        2
                text4                          000744  0000B8  0007FC       E88       0  CODE        2
                cinit                          0007FC  000004  000800       FF8       0  CODE        2
                config                         002007  000001  002008      400E       0  CONFIG      2


UNUSED ADDRESS RANGES

        Name                Unused          Largest block    Delta
        BANK0            004B-006F             25           1
        BANK1            00A0-00EF             50           1
        BANK2            0110-016F             60           1
        BANK3            0190-01EF             60           1
        CODE             0003-0501            4FF           2
                         0800-1FFF            800
        CONST            0003-0501            100           2
                         0800-1FFF            100
        EEDATA           2100-21FF            100           2
        ENTRY            0003-0501            100           2
                         0800-1FFF            100
        IDLOC            2000-2003              4           2
        RAM              004B-006F             25           1
                         00A0-00EF             50
                         0110-016F             60
                         0190-01EF             60
        SFR0             0000-001F             20           1
        SFR1             0080-009F             20           1
        SFR2             0100-010F             10           1
        SFR3             0180-018F             10           1
        STACK            0110-016F             60           1
        STRCODE          0003-0501            4FF           2
                         0800-1FFF           1800
        STRING           0003-0501            100           2
                         0800-1FFF            100

                                  Symbol Table

?___awdiv                cstackBANK0  003E
?___ftdiv                cstackBANK0  0020
?___ftpack               cstackCOMMON 0070
?___fttol                cstackBANK0  0030
?___lwtoft               cstackCOMMON 0078
_PORTB                   (abs)        0006
_RC2                     (abs)        003A
_RC3                     (abs)        003B
_T1CKPS0                 (abs)        0084
_T1CKPS1                 (abs)        0085
_TMR1                    (abs)        000E
_TMR1CS                  (abs)        0081
_TMR1ON                  (abs)        0080
_TRISB                   (abs)        0086
_TRISC2                  (abs)        043A
_TRISC3                  (abs)        043B
__CFG_BOREN$OFF          (abs)        0000
__CFG_CP$OFF             (abs)        0000
__CFG_CPD$OFF            (abs)        0000
__CFG_FOSC$XT            (abs)        0000
__CFG_LVP$OFF            (abs)        0000
__CFG_PWRTE$ON           (abs)        0000
__CFG_WDTE$OFF           (abs)        0000
__CFG_WRT$OFF            (abs)        0000
__Habs1                  abs1         0000
__Hbank0                 bank0        0000
__Hbank1                 bank1        0000
__Hbank2                 bank2        0000
__Hbank3                 bank3        0000
__Hcinit                 cinit        0800
__Hclrtext               clrtext      0000
__Hcode                  code         0000
__Hcommon                common       0000
__Hconfig                config       2008
__HcstackBANK0           cstackBANK0  0000
__HcstackCOMMON          cstackCOMMON 0000
__Heeprom_data           eeprom_data  0000
__Hend_init              end_init     0003
__Hfunctab               functab      0000
__Hidloc                 idloc        0000
__Hinit                  init         0000
__Hintentry              intentry     0000
__Hmaintext              maintext     0000
__Hpowerup               powerup      0000
__Hram                   ram          0000
__Hreset_vec             reset_vec    0000
__Hsfr0                  sfr0         0000
__Hsfr1                  sfr1         0000
__Hsfr2                  sfr2         0000
__Hsfr3                  sfr3         0000
__Hspace_0               (abs)        2008
__Hspace_1               (abs)        007E
__Hspace_2               (abs)        0000
__Hspace_3               (abs)        0000
__Hstack                 stack        0000
__Hstrings               strings      0000
__Htext                  text         0000
__Labs1                  abs1         0000
__Lbank0                 bank0        0000
__Lbank1                 bank1        0000
__Lbank2                 bank2        0000
__Lbank3                 bank3        0000
__Lcinit                 cinit        07FC
__Lclrtext               clrtext      0000
__Lcode                  code         0000
__Lcommon                common       0000
__Lconfig                config       2007
__LcstackBANK0           cstackBANK0  0000
__LcstackCOMMON          cstackCOMMON 0000
__Leeprom_data           eeprom_data  0000
__Lend_init              end_init     0000
__Lfunctab               functab      0000
__Lidloc                 idloc        0000
__Linit                  init         0000
__Lintentry              intentry     0000
__Lmaintext              maintext     0000
__Lpowerup               powerup      0000
__Lram                   ram          0000
__Lreset_vec             reset_vec    0000
__Lsfr0                  sfr0         0000
__Lsfr1                  sfr1         0000
__Lsfr2                  sfr2         0000
__Lsfr3                  sfr3         0000
__Lspace_0               (abs)        0000
__Lspace_1               (abs)        0000
__Lspace_2               (abs)        0000
__Lspace_3               (abs)        0000
__Lstack                 stack        0000
__Lstrings               strings      0000
__Ltext                  text         0000
__S0                     (abs)        2008
__S1                     (abs)        007E
__S2                     (abs)        0000
__S3                     (abs)        0000
___awdiv                 text6        0564
___awdiv@counter         cstackBANK0  0043
___awdiv@dividend        cstackBANK0  0040
___awdiv@divisor         cstackBANK0  003E
___awdiv@quotient        cstackBANK0  0045
___awdiv@sign            cstackBANK0  0044
___ftdiv                 text4        0744
___ftdiv@cntr            cstackBANK0  002A
___ftdiv@exp             cstackBANK0  002E
___ftdiv@f1              cstackBANK0  0023
___ftdiv@f2              cstackBANK0  0020
___ftdiv@f3              cstackBANK0  002B
___ftdiv@sign            cstackBANK0  002F
___ftpack                text5        05BF
___ftpack@arg            cstackCOMMON 0070
___ftpack@exp            cstackCOMMON 0073
___ftpack@sign           cstackCOMMON 0074
___fttol                 text3        06B6
___fttol@exp1            cstackBANK0  003D
___fttol@f1              cstackBANK0  0030
___fttol@lval            cstackBANK0  0039
___fttol@sign1           cstackBANK0  0038
___int_sp                stack        0000
___latbits               (abs)        0002
___lwtoft                text2        0502
___lwtoft@c              cstackCOMMON 0078
___sp                    stack        0000
__end_of___awdiv         text6        05BF
__end_of___ftdiv         text4        07FC
__end_of___ftpack        text5        062B
__end_of___fttol         text3        0744
__end_of___lwtoft        text2        0516
__end_of__initialization cinit        07FC
__end_of_calc_dist       text1        0564
__end_of_main            maintext     06B6
__initialization         cinit        07FC
__pcstackBANK0           cstackBANK0  0020
__pcstackCOMMON          cstackCOMMON 0070
__pmaintext              maintext     062B
__ptext0                 text0        0000
__ptext1                 text1        0516
__ptext2                 text2        0502
__ptext3                 text3        06B6
__ptext4                 text4        0744
__ptext5                 text5        05BF
__ptext6                 text6        0564
__size_of___awdiv        (abs)        0000
__size_of___ftdiv        (abs)        0000
__size_of___ftpack       (abs)        0000
__size_of___fttol        (abs)        0000
__size_of___lwtoft       (abs)        0000
__size_of_calc_dist      (abs)        0000
__size_of_main           (abs)        0000
_calc_dist               text1        0516
_main                    maintext     062B
btemp                    (abs)        007E
calc_dist@distance       cstackCOMMON 007D
end_of_initialization    cinit        07FC
intlevel0                functab      0000
intlevel1                functab      0000
intlevel2                functab      0000
intlevel3                functab      0000
intlevel4                functab      0000
intlevel5                functab      0000
ltemp                    (abs)        007E
ltemp0                   (abs)        007E
ltemp1                   (abs)        0082
ltemp2                   (abs)        0086
ltemp3                   (abs)        0080
main@dist                cstackBANK0  004A
reset_vec                reset_vec    0000
stackhi                  (abs)        0000
stacklo                  (abs)        0000
start                    init         0000
start_initialization     cinit        07FC
ttemp                    (abs)        007E
ttemp0                   (abs)        007E
ttemp1                   (abs)        0081
ttemp2                   (abs)        0084
ttemp3                   (abs)        0087
ttemp4                   (abs)        007F
wtemp                    (abs)        007E
wtemp0                   (abs)        007E
wtemp1                   (abs)        0080
wtemp2                   (abs)        0082
wtemp3                   (abs)        0084
wtemp4                   (abs)        0086
wtemp5                   (abs)        0088
wtemp6                   (abs)        007F


FUNCTION INFORMATION:

 *************** function _main *****************
 Defined at:
		line 12 in file "main.c"
 Parameters:    Size  Location     Type
		None
 Auto vars:     Size  Location     Type
  dist            1   42[BANK0 ] unsigned char 
 Return value:  Size  Location     Type
		None               void
 Registers used:
		wreg, status,2, status,0, pclath, cstack
 Tracked objects:
		On entry : 
		On exit  : 
		Unchanged: 
 Data sizes:     COMMON   BANK0   BANK1   BANK3   BANK2
      Params:         0       0       0       0       0
      Locals:         0       1       0       0       0
      Temps:          0       3       0       0       0
      Totals:         0       4       0       0       0
Total ram usage:        4 bytes
 Hardware stack levels required when called:    3
 This function calls:
		___awdiv
		_calc_dist
 This function is called by:
		Startup code after reset
 This function uses a non-reentrant model


 *************** function _calc_dist *****************
 Defined at:
		line 48 in file "main.c"
 Parameters:    Size  Location     Type
		None
 Auto vars:     Size  Location     Type
  distance        1   13[COMMON] unsigned char 
 Return value:  Size  Location     Type
                  1    wreg      unsigned char 
 Registers used:
		wreg, status,2, status,0, pclath, cstack
 Tracked objects:
		On entry : 
		On exit  : 
		Unchanged: 
 Data sizes:     COMMON   BANK0   BANK1   BANK3   BANK2
      Params:         0       0       0       0       0
      Locals:         1       0       0       0       0
      Temps:          1       0       0       0       0
      Totals:         2       0       0       0       0
Total ram usage:        2 bytes
 Hardware stack levels used:    1
 Hardware stack levels required when called:    2
 This function calls:
		___ftdiv
		___fttol
		___lwtoft
 This function is called by:
		_main
 This function uses a non-reentrant model


 *************** function ___lwtoft *****************
 Defined at:
		line 28 in file "C:\Program Files (x86)\Microchip\xc8\v1.34\sources\common\lwtoft.c"
 Parameters:    Size  Location     Type
  c               2    8[COMMON] unsigned int 
 Auto vars:     Size  Location     Type
		None
 Return value:  Size  Location     Type
                  3    8[COMMON] float 
 Registers used:
		wreg, status,2, status,0, pclath, cstack
 Tracked objects:
		On entry : 
		On exit  : 
		Unchanged: 
 Data sizes:     COMMON   BANK0   BANK1   BANK3   BANK2
      Params:         3       0       0       0       0
      Locals:         0       0       0       0       0
      Temps:          1       0       0       0       0
      Totals:         4       0       0       0       0
Total ram usage:        4 bytes
 Hardware stack levels used:    1
 Hardware stack levels required when called:    1
 This function calls:
		___ftpack
 This function is called by:
		_calc_dist
 This function uses a non-reentrant model


 *************** function ___fttol *****************
 Defined at:
		line 44 in file "C:\Program Files (x86)\Microchip\xc8\v1.34\sources\common\fttol.c"
 Parameters:    Size  Location     Type
  f1              3   16[BANK0 ] float 
 Auto vars:     Size  Location     Type
  lval            4   25[BANK0 ] unsigned long 
  exp1            1   29[BANK0 ] unsigned char 
  sign1           1   24[BANK0 ] unsigned char 
 Return value:  Size  Location     Type
                  4   16[BANK0 ] long 
 Registers used:
		wreg, status,2, status,0
 Tracked objects:
		On entry : 
		On exit  : 
		Unchanged: 
 Data sizes:     COMMON   BANK0   BANK1   BANK3   BANK2
      Params:         0       4       0       0       0
      Locals:         0       6       0       0       0
      Temps:          0       4       0       0       0
      Totals:         0      14       0       0       0
Total ram usage:       14 bytes
 Hardware stack levels used:    1
 This function calls:
		Nothing
 This function is called by:
		_calc_dist
 This function uses a non-reentrant model


 *************** function ___ftdiv *****************
 Defined at:
		line 56 in file "C:\Program Files (x86)\Microchip\xc8\v1.34\sources\common\ftdiv.c"
 Parameters:    Size  Location     Type
  f2              3    0[BANK0 ] float 
  f1              3    3[BANK0 ] float 
 Auto vars:     Size  Location     Type
  f3              3   11[BANK0 ] float 
  sign            1   15[BANK0 ] unsigned char 
  exp             1   14[BANK0 ] unsigned char 
  cntr            1   10[BANK0 ] unsigned char 
 Return value:  Size  Location     Type
                  3    0[BANK0 ] float 
 Registers used:
		wreg, status,2, status,0, pclath, cstack
 Tracked objects:
		On entry : 
		On exit  : 
		Unchanged: 
 Data sizes:     COMMON   BANK0   BANK1   BANK3   BANK2
      Params:         0       6       0       0       0
      Locals:         0       6       0       0       0
      Temps:          0       4       0       0       0
      Totals:         0      16       0       0       0
Total ram usage:       16 bytes
 Hardware stack levels used:    1
 Hardware stack levels required when called:    1
 This function calls:
		___ftpack
 This function is called by:
		_calc_dist
 This function uses a non-reentrant model


 *************** function ___ftpack *****************
 Defined at:
		line 62 in file "C:\Program Files (x86)\Microchip\xc8\v1.34\sources\common\float.c"
 Parameters:    Size  Location     Type
  arg             3    0[COMMON] unsigned um
  exp             1    3[COMMON] unsigned char 
  sign            1    4[COMMON] unsigned char 
 Auto vars:     Size  Location     Type
		None
 Return value:  Size  Location     Type
                  3    0[COMMON] float 
 Registers used:
		wreg, status,2, status,0
 Tracked objects:
		On entry : 
		On exit  : 
		Unchanged: 
 Data sizes:     COMMON   BANK0   BANK1   BANK3   BANK2
      Params:         5       0       0       0       0
      Locals:         0       0       0       0       0
      Temps:          3       0       0       0       0
      Totals:         8       0       0       0       0
Total ram usage:        8 bytes
 Hardware stack levels used:    1
 This function calls:
		Nothing
 This function is called by:
		___ftdiv
		___lwtoft
 This function uses a non-reentrant model


 *************** function ___awdiv *****************
 Defined at:
		line 6 in file "C:\Program Files (x86)\Microchip\xc8\v1.34\sources\common\awdiv.c"
 Parameters:    Size  Location     Type
  divisor         2   30[BANK0 ] int 
  dividend        2   32[BANK0 ] int 
 Auto vars:     Size  Location     Type
  quotient        2   37[BANK0 ] int 
  sign            1   36[BANK0 ] unsigned char 
  counter         1   35[BANK0 ] unsigned char 
 Return value:  Size  Location     Type
                  2   30[BANK0 ] int 
 Registers used:
		wreg, status,2, status,0
 Tracked objects:
		On entry : 
		On exit  : 
		Unchanged: 
 Data sizes:     COMMON   BANK0   BANK1   BANK3   BANK2
      Params:         0       4       0       0       0
      Locals:         0       4       0       0       0
      Temps:          0       1       0       0       0
      Totals:         0       9       0       0       0
Total ram usage:        9 bytes
 Hardware stack levels used:    1
 This function calls:
		Nothing
 This function is called by:
		_main
 This function uses a non-reentrant model



MODULE INFORMATION

Module		Function		Class		Link	Load	Size
C:\Program Files (x86)\Microchip\xc8\v1.34\sources\common\float.c
		___ftpack      		CODE           	05BF	0000	109

C:\Program Files (x86)\Microchip\xc8\v1.34\sources\common\float.c estimated size: 109

C:\Program Files (x86)\Microchip\xc8\v1.34\sources\common\lwtoft.c
		___lwtoft      		CODE           	0502	0000	21

C:\Program Files (x86)\Microchip\xc8\v1.34\sources\common\lwtoft.c estimated size: 21

C:\Program Files (x86)\Microchip\xc8\v1.34\sources\common\ftdiv.c
		___ftdiv       		CODE           	0744	0000	185

C:\Program Files (x86)\Microchip\xc8\v1.34\sources\common\ftdiv.c estimated size: 185

shared
		__initializatio		CODE           	07FC	0000	1

shared estimated size: 1

C:\Program Files (x86)\Microchip\xc8\v1.34\sources\common\awdiv.c
		___awdiv       		CODE           	0564	0000	92

C:\Program Files (x86)\Microchip\xc8\v1.34\sources\common\awdiv.c estimated size: 92

C:\Program Files (x86)\Microchip\xc8\v1.34\sources\common\fttol.c
		___fttol       		CODE           	06B6	0000	143

C:\Program Files (x86)\Microchip\xc8\v1.34\sources\common\fttol.c estimated size: 143

main.c
		_main          		CODE           	062B	0000	140
		_calc_dist     		CODE           	0516	0000	79

main.c estimated size: 219

